Started GET "/" for ::1 at 2024-08-18 15:39:53 -0300
Processing by SpaController#index as HTML
  Rendering layout layouts/application.html.erb
  Rendering spa/index.html.erb within layouts/application
  Rendered spa/index.html.erb within layouts/application (Duration: 0.2ms | Allocations: 189)
  Rendered layout layouts/application.html.erb (Duration: 122.9ms | Allocations: 67566)
Completed 200 OK in 138ms (Views: 131.8ms | Allocations: 73748)


Started GET "/students" for ::1 at 2024-08-18 15:39:59 -0300
  
ActionController::RoutingError (No route matches [GET] "/students"):
  
Started GET "/students" for ::1 at 2024-08-18 15:41:24 -0300
  
ActionController::RoutingError (No route matches [GET] "/students"):
  
Started GET "/" for ::1 at 2024-08-18 15:43:36 -0300
Processing by SpaController#index as HTML
  Rendering layout layouts/application.html.erb
  Rendering spa/index.html.erb within layouts/application
  Rendered spa/index.html.erb within layouts/application (Duration: 0.2ms | Allocations: 99)
  Rendered layout layouts/application.html.erb (Duration: 11.0ms | Allocations: 15361)
Completed 200 OK in 12ms (Views: 11.9ms | Allocations: 16167)


Started GET "/" for ::1 at 2024-08-18 15:45:29 -0300
Processing by SpaController#index as HTML
  Rendering layout layouts/application.html.erb
  Rendering spa/index.html.erb within layouts/application
  Rendered spa/index.html.erb within layouts/application (Duration: 0.0ms | Allocations: 7)
  Rendered layout layouts/application.html.erb (Duration: 1.8ms | Allocations: 1301)
Completed 200 OK in 2ms (Views: 2.2ms | Allocations: 1528)


Started GET "/" for ::1 at 2024-08-18 15:47:13 -0300
Processing by SpaController#index as HTML
  Rendering layout layouts/application.html.erb
  Rendering spa/index.html.erb within layouts/application
  Rendered spa/index.html.erb within layouts/application (Duration: 0.0ms | Allocations: 7)
  Rendered layout layouts/application.html.erb (Duration: 1.9ms | Allocations: 1292)
Completed 200 OK in 3ms (Views: 2.3ms | Allocations: 1519)


Started GET "/students" for ::1 at 2024-08-18 15:47:20 -0300
  
ActionController::RoutingError (No route matches [GET] "/students"):
  
Started GET "/" for ::1 at 2024-08-18 15:47:24 -0300
Processing by SpaController#index as HTML
  Rendering layout layouts/application.html.erb
  Rendering spa/index.html.erb within layouts/application
  Rendered spa/index.html.erb within layouts/application (Duration: 0.0ms | Allocations: 7)
  Rendered layout layouts/application.html.erb (Duration: 2.0ms | Allocations: 1324)
Completed 200 OK in 3ms (Views: 2.8ms | Allocations: 1555)


Started GET "/" for ::1 at 2024-08-18 15:50:01 -0300
Processing by SpaController#index as HTML
  Rendering layout layouts/application.html.erb
  Rendering spa/index.html.erb within layouts/application
  Rendered spa/index.html.erb within layouts/application (Duration: 0.1ms | Allocations: 7)
  Rendered layout layouts/application.html.erb (Duration: 3.0ms | Allocations: 1295)
Completed 200 OK in 4ms (Views: 3.8ms | Allocations: 1525)


Started GET "/" for ::1 at 2024-08-18 15:55:08 -0300
Processing by SpaController#index as HTML
  Rendering layout layouts/application.html.erb
  Rendering spa/index.html.erb within layouts/application
  Rendered spa/index.html.erb within layouts/application (Duration: 0.0ms | Allocations: 7)
  Rendered layout layouts/application.html.erb (Duration: 13.3ms | Allocations: 14979)
Completed 200 OK in 14ms (Views: 13.6ms | Allocations: 15206)


Started GET "/" for ::1 at 2024-08-18 15:55:27 -0300
Processing by SpaController#index as HTML
  Rendering layout layouts/application.html.erb
  Rendering spa/index.html.erb within layouts/application
  Rendered spa/index.html.erb within layouts/application (Duration: 0.1ms | Allocations: 7)
  Rendered layout layouts/application.html.erb (Duration: 3.3ms | Allocations: 1295)
Completed 200 OK in 5ms (Views: 4.2ms | Allocations: 1522)


Started GET "/" for ::1 at 2024-08-18 15:58:27 -0300
Processing by SpaController#index as HTML
  Rendering layout layouts/application.html.erb
  Rendering spa/index.html.erb within layouts/application
  Rendered spa/index.html.erb within layouts/application (Duration: 0.0ms | Allocations: 7)
  Rendered layout layouts/application.html.erb (Duration: 9.4ms | Allocations: 14844)
Completed 200 OK in 10ms (Views: 9.7ms | Allocations: 15071)


Started GET "/" for ::1 at 2024-08-18 15:59:02 -0300
Processing by SpaController#index as HTML
  Rendering layout layouts/application.html.erb
  Rendering spa/index.html.erb within layouts/application
  Rendered spa/index.html.erb within layouts/application (Duration: 0.0ms | Allocations: 7)
  Rendered layout layouts/application.html.erb (Duration: 13.9ms | Allocations: 14922)
Completed 200 OK in 14ms (Views: 14.3ms | Allocations: 15150)


Started GET "/students" for ::1 at 2024-08-18 15:59:26 -0300
  
ActionController::RoutingError (No route matches [GET] "/students"):
  
Started GET "/" for ::1 at 2024-08-18 15:59:29 -0300
Processing by SpaController#index as HTML
  Rendering layout layouts/application.html.erb
  Rendering spa/index.html.erb within layouts/application
  Rendered spa/index.html.erb within layouts/application (Duration: 0.0ms | Allocations: 7)
  Rendered layout layouts/application.html.erb (Duration: 6.8ms | Allocations: 13542)
Completed 200 OK in 7ms (Views: 7.1ms | Allocations: 13770)


Started GET "/" for ::1 at 2024-08-18 15:59:59 -0300
Processing by SpaController#index as HTML
  Rendering layout layouts/application.html.erb
  Rendering spa/index.html.erb within layouts/application
  Rendered spa/index.html.erb within layouts/application (Duration: 0.0ms | Allocations: 7)
  Rendered layout layouts/application.html.erb (Duration: 8.8ms | Allocations: 14834)
Completed 200 OK in 9ms (Views: 9.1ms | Allocations: 15061)


Started GET "/" for ::1 at 2024-08-18 16:00:14 -0300
Processing by SpaController#index as HTML
  Rendering layout layouts/application.html.erb
  Rendering spa/index.html.erb within layouts/application
  Rendered spa/index.html.erb within layouts/application (Duration: 0.0ms | Allocations: 7)
  Rendered layout layouts/application.html.erb (Duration: 12.4ms | Allocations: 14906)
Completed 200 OK in 13ms (Views: 12.7ms | Allocations: 15134)


Started GET "/" for ::1 at 2024-08-18 16:00:17 -0300
Processing by SpaController#index as HTML
  Rendering layout layouts/application.html.erb
  Rendering spa/index.html.erb within layouts/application
  Rendered spa/index.html.erb within layouts/application (Duration: 0.0ms | Allocations: 7)
  Rendered layout layouts/application.html.erb (Duration: 1.2ms | Allocations: 1297)
Completed 200 OK in 2ms (Views: 1.5ms | Allocations: 1525)


