  [1m[35m (3.2ms)[0m  [1m[35mCREATE TABLE "schema_migrations" ("version" varchar NOT NULL PRIMARY KEY)[0m
  [1m[35m (0.2ms)[0m  [1m[35mCREATE TABLE "ar_internal_metadata" ("key" varchar NOT NULL PRIMARY KEY, "value" varchar, "created_at" datetime(6) NOT NULL, "updated_at" datetime(6) NOT NULL)[0m
  [1m[36mActiveRecord::InternalMetadata Load (0.1ms)[0m  [1m[34mSELECT * FROM "ar_internal_metadata" WHERE "ar_internal_metadata"."key" = ? ORDER BY "ar_internal_metadata"."key" ASC LIMIT 1[0m  [[nil, "environment"]]
  [1m[36mActiveRecord::InternalMetadata Create (0.1ms)[0m  [1m[32mINSERT INTO "ar_internal_metadata" ("key", "value", "created_at", "updated_at") VALUES ('environment', 'development', '2024-08-17 20:00:03.643188', '2024-08-17 20:00:03.643191') RETURNING "key"[0m
  [1m[36mActiveRecord::SchemaMigration Load (0.2ms)[0m  [1m[34mSELECT "schema_migrations"."version" FROM "schema_migrations" ORDER BY "schema_migrations"."version" ASC[0m
Migrating to CreateStudents (20240817195948)
  [1m[36mTRANSACTION (0.0ms)[0m  [1m[36mbegin transaction[0m
  [1m[35m (0.7ms)[0m  [1m[35mCREATE TABLE "students" ("id" integer PRIMARY KEY AUTOINCREMENT NOT NULL, "name" varchar, "phone" varchar, "code" varchar, "created_at" datetime(6) NOT NULL, "updated_at" datetime(6) NOT NULL)[0m
  [1m[36mActiveRecord::SchemaMigration Create (0.1ms)[0m  [1m[32mINSERT INTO "schema_migrations" ("version") VALUES ('20240817195948') RETURNING "version"[0m
  [1m[36mTRANSACTION (0.1ms)[0m  [1m[36mcommit transaction[0m
  [1m[36mActiveRecord::SchemaMigration Load (0.0ms)[0m  [1m[34mSELECT "schema_migrations"."version" FROM "schema_migrations" ORDER BY "schema_migrations"."version" ASC[0m
Started GET "/" for 127.0.0.1 at 2024-08-17 17:01:39 -0300
  [1m[36mActiveRecord::SchemaMigration Load (0.1ms)[0m  [1m[34mSELECT "schema_migrations"."version" FROM "schema_migrations" ORDER BY "schema_migrations"."version" ASC[0m
Processing by HomeController#index as HTML
Completed 200 OK in 6ms (Views: 0.2ms | ActiveRecord: 0.0ms | Allocations: 3737)


Started GET "/favicon.ico" for 127.0.0.1 at 2024-08-17 17:01:39 -0300
  
ActionController::RoutingError (No route matches [GET] "/favicon.ico"):
  
Started GET "/students" for 127.0.0.1 at 2024-08-17 17:01:43 -0300
Processing by StudentsController#index as HTML
  [1m[36mStudent Load (0.1ms)[0m  [1m[34mSELECT "students".* FROM "students"[0m
  ↳ app/controllers/students_controller.rb:8:in `index'
Completed 200 OK in 52ms (Views: 0.6ms | ActiveRecord: 0.9ms | Allocations: 10121)


Started GET "/" for ::1 at 2024-08-17 17:02:50 -0300
  
SyntaxError (/home/dre/dev/studies/dio-studies/ruby-on-rails-bootcamp/api-stimulus/app/controllers/home_controller.rb:8: syntax error, unexpected `end', expecting '}'
  end
  ^~~
):
  
app/controllers/home_controller.rb:8: syntax error, unexpected `end', expecting '}'
Started GET "/favicon.ico" for ::1 at 2024-08-17 17:02:50 -0300
  
ActionController::RoutingError (No route matches [GET] "/favicon.ico"):
  
Started GET "/" for ::1 at 2024-08-17 17:03:13 -0300
Processing by HomeController#index as HTML
Completed 200 OK in 0ms (Views: 0.1ms | ActiveRecord: 0.0ms | Allocations: 127)


Started GET "/students" for ::1 at 2024-08-17 17:03:15 -0300
Processing by StudentsController#index as HTML
  [1m[36mStudent Load (0.1ms)[0m  [1m[34mSELECT "students".* FROM "students"[0m
  ↳ app/controllers/students_controller.rb:8:in `index'
Completed 200 OK in 3ms (Views: 0.5ms | ActiveRecord: 1.0ms | Allocations: 1580)


Started GET "/students" for 127.0.0.1 at 2024-08-18 15:39:54 -0300
  [1m[36mActiveRecord::SchemaMigration Load (0.1ms)[0m  [1m[34mSELECT "schema_migrations"."version" FROM "schema_migrations" ORDER BY "schema_migrations"."version" ASC[0m
Processing by StudentsController#index as */*
  [1m[36mStudent Load (0.1ms)[0m  [1m[34mSELECT "students".* FROM "students"[0m
  ↳ app/controllers/students_controller.rb:8:in `index'
Completed 200 OK in 13ms (Views: 0.6ms | ActiveRecord: 0.9ms | Allocations: 9407)


Started GET "/students" for 127.0.0.1 at 2024-08-18 15:43:36 -0300
Processing by StudentsController#index as */*
  [1m[36mStudent Load (0.1ms)[0m  [1m[34mSELECT "students".* FROM "students"[0m
  ↳ app/controllers/students_controller.rb:8:in `index'
Completed 200 OK in 1ms (Views: 1.0ms | ActiveRecord: 0.1ms | Allocations: 570)


Started GET "/students" for 127.0.0.1 at 2024-08-18 15:45:29 -0300
Processing by StudentsController#index as */*
  [1m[36mStudent Load (0.1ms)[0m  [1m[34mSELECT "students".* FROM "students"[0m
  ↳ app/controllers/students_controller.rb:8:in `index'
Completed 200 OK in 1ms (Views: 0.9ms | ActiveRecord: 0.1ms | Allocations: 568)


Started GET "/students" for 127.0.0.1 at 2024-08-18 15:47:13 -0300
  [1m[36mActiveRecord::SchemaMigration Load (0.1ms)[0m  [1m[34mSELECT "schema_migrations"."version" FROM "schema_migrations" ORDER BY "schema_migrations"."version" ASC[0m
Processing by StudentsController#index as */*
  [1m[36mStudent Load (0.0ms)[0m  [1m[34mSELECT "students".* FROM "students"[0m
  ↳ app/controllers/students_controller.rb:8:in `index'
Completed 200 OK in 13ms (Views: 0.8ms | ActiveRecord: 0.9ms | Allocations: 9378)


Started GET "/students" for 127.0.0.1 at 2024-08-18 15:47:24 -0300
Processing by StudentsController#index as */*
  [1m[36mStudent Load (0.1ms)[0m  [1m[34mSELECT "students".* FROM "students"[0m
  ↳ app/controllers/students_controller.rb:8:in `index'
Completed 200 OK in 1ms (Views: 0.8ms | ActiveRecord: 0.0ms | Allocations: 570)


Started GET "/students" for 127.0.0.1 at 2024-08-18 15:50:01 -0300
Processing by StudentsController#index as */*
  [1m[36mStudent Load (0.1ms)[0m  [1m[34mSELECT "students".* FROM "students"[0m
  ↳ app/controllers/students_controller.rb:8:in `index'
Completed 200 OK in 1ms (Views: 0.8ms | ActiveRecord: 0.0ms | Allocations: 568)


Started GET "/students" for 127.0.0.1 at 2024-08-18 15:55:08 -0300
Processing by StudentsController#index as */*
  [1m[36mStudent Load (0.1ms)[0m  [1m[34mSELECT "students".* FROM "students"[0m
  ↳ app/controllers/students_controller.rb:8:in `index'
Completed 200 OK in 1ms (Views: 1.1ms | ActiveRecord: 0.1ms | Allocations: 568)


Started POST "/students" for 127.0.0.1 at 2024-08-18 15:55:16 -0300
Processing by StudentsController#create as */*
  Parameters: {"name"=>"teste", "phone"=>"12321414141", "code"=>"734424", "student"=>{"name"=>"teste", "phone"=>"12321414141", "code"=>"734424"}}
  [1m[36mTRANSACTION (0.0ms)[0m  [1m[36mbegin transaction[0m
  ↳ app/controllers/students_controller.rb:20:in `create'
  [1m[36mStudent Create (0.9ms)[0m  [1m[32mINSERT INTO "students" ("name", "phone", "code", "created_at", "updated_at") VALUES (?, ?, ?, ?, ?) RETURNING "id"[0m  [["name", "teste"], ["phone", "12321414141"], ["code", "734424"], ["created_at", "2024-08-18 18:55:16.207564"], ["updated_at", "2024-08-18 18:55:16.207564"]]
  ↳ app/controllers/students_controller.rb:20:in `create'
  [1m[36mTRANSACTION (2.9ms)[0m  [1m[36mcommit transaction[0m
  ↳ app/controllers/students_controller.rb:20:in `create'
Completed 201 Created in 30ms (Views: 0.4ms | ActiveRecord: 4.1ms | Allocations: 13568)


Started GET "/students" for 127.0.0.1 at 2024-08-18 15:55:16 -0300
Processing by StudentsController#index as */*
  [1m[36mStudent Load (0.0ms)[0m  [1m[34mSELECT "students".* FROM "students"[0m
  ↳ app/controllers/students_controller.rb:8:in `index'
Completed 200 OK in 1ms (Views: 0.8ms | ActiveRecord: 0.0ms | Allocations: 695)


Started GET "/students/1" for 127.0.0.1 at 2024-08-18 15:55:19 -0300
Processing by StudentsController#show as */*
  Parameters: {"id"=>"1", "student"=>{}}
  [1m[36mStudent Load (0.4ms)[0m  [1m[34mSELECT "students".* FROM "students" WHERE "students"."id" = ? LIMIT ?[0m  [["id", 1], ["LIMIT", 1]]
  ↳ app/controllers/students_controller.rb:44:in `set_student'
Completed 200 OK in 12ms (Views: 0.7ms | ActiveRecord: 0.4ms | Allocations: 1555)


Started PUT "/students/1" for 127.0.0.1 at 2024-08-18 15:55:21 -0300
Processing by StudentsController#update as */*
  Parameters: {"name"=>"teste 2", "phone"=>"12321414141", "code"=>"734424", "id"=>"1", "student"=>{"name"=>"teste 2", "phone"=>"12321414141", "code"=>"734424"}}
  [1m[36mStudent Load (0.2ms)[0m  [1m[34mSELECT "students".* FROM "students" WHERE "students"."id" = ? LIMIT ?[0m  [["id", 1], ["LIMIT", 1]]
  ↳ app/controllers/students_controller.rb:44:in `set_student'
  [1m[36mTRANSACTION (0.0ms)[0m  [1m[36mbegin transaction[0m
  ↳ app/controllers/students_controller.rb:29:in `update'
  [1m[36mStudent Update (0.6ms)[0m  [1m[33mUPDATE "students" SET "name" = ?, "updated_at" = ? WHERE "students"."id" = ?[0m  [["name", "teste 2"], ["updated_at", "2024-08-18 18:55:21.724989"], ["id", 1]]
  ↳ app/controllers/students_controller.rb:29:in `update'
  [1m[36mTRANSACTION (0.1ms)[0m  [1m[36mcommit transaction[0m
  ↳ app/controllers/students_controller.rb:29:in `update'
Completed 200 OK in 6ms (Views: 0.3ms | ActiveRecord: 0.8ms | Allocations: 2258)


Started GET "/students" for 127.0.0.1 at 2024-08-18 15:55:21 -0300
Processing by StudentsController#index as */*
  [1m[36mStudent Load (0.1ms)[0m  [1m[34mSELECT "students".* FROM "students"[0m
  ↳ app/controllers/students_controller.rb:8:in `index'
Completed 200 OK in 1ms (Views: 0.8ms | ActiveRecord: 0.0ms | Allocations: 628)


Started DELETE "/students/undefined" for 127.0.0.1 at 2024-08-18 15:55:24 -0300
Processing by StudentsController#destroy as */*
  Parameters: {"id"=>"undefined", "student"=>{}}
  [1m[36mStudent Load (0.0ms)[0m  [1m[34mSELECT "students".* FROM "students" WHERE "students"."id" = ? LIMIT ?[0m  [["id", nil], ["LIMIT", 1]]
  ↳ app/controllers/students_controller.rb:44:in `set_student'
Completed 404 Not Found in 1ms (ActiveRecord: 0.0ms | Allocations: 470)


  
ActiveRecord::RecordNotFound (Couldn't find Student with 'id'=undefined):
  
app/controllers/students_controller.rb:44:in `set_student'
Started GET "/students" for 127.0.0.1 at 2024-08-18 15:55:27 -0300
Processing by StudentsController#index as */*
  [1m[36mStudent Load (0.1ms)[0m  [1m[34mSELECT "students".* FROM "students"[0m
  ↳ app/controllers/students_controller.rb:8:in `index'
Completed 200 OK in 1ms (Views: 0.8ms | ActiveRecord: 0.0ms | Allocations: 627)


Started POST "/students" for 127.0.0.1 at 2024-08-18 15:55:35 -0300
Processing by StudentsController#create as */*
  Parameters: {"name"=>"teste 3", "phone"=>"123", "code"=>"1231", "student"=>{"name"=>"teste 3", "phone"=>"123", "code"=>"1231"}}
  [1m[36mTRANSACTION (0.1ms)[0m  [1m[36mbegin transaction[0m
  ↳ app/controllers/students_controller.rb:20:in `create'
  [1m[36mStudent Create (0.8ms)[0m  [1m[32mINSERT INTO "students" ("name", "phone", "code", "created_at", "updated_at") VALUES (?, ?, ?, ?, ?) RETURNING "id"[0m  [["name", "teste 3"], ["phone", "123"], ["code", "1231"], ["created_at", "2024-08-18 18:55:35.315746"], ["updated_at", "2024-08-18 18:55:35.315746"]]
  ↳ app/controllers/students_controller.rb:20:in `create'
  [1m[36mTRANSACTION (0.1ms)[0m  [1m[36mcommit transaction[0m
  ↳ app/controllers/students_controller.rb:20:in `create'
Completed 201 Created in 3ms (Views: 0.2ms | ActiveRecord: 0.9ms | Allocations: 1672)


Started GET "/students" for 127.0.0.1 at 2024-08-18 15:55:35 -0300
Processing by StudentsController#index as */*
  [1m[36mStudent Load (0.1ms)[0m  [1m[34mSELECT "students".* FROM "students"[0m
  ↳ app/controllers/students_controller.rb:8:in `index'
Completed 200 OK in 1ms (Views: 1.3ms | ActiveRecord: 0.1ms | Allocations: 688)


Started DELETE "/students/undefined" for 127.0.0.1 at 2024-08-18 15:56:19 -0300
Processing by StudentsController#destroy as */*
  Parameters: {"id"=>"undefined", "student"=>{}}
  [1m[36mStudent Load (0.1ms)[0m  [1m[34mSELECT "students".* FROM "students" WHERE "students"."id" = ? LIMIT ?[0m  [["id", nil], ["LIMIT", 1]]
  ↳ app/controllers/students_controller.rb:44:in `set_student'
Completed 404 Not Found in 1ms (ActiveRecord: 0.1ms | Allocations: 437)


  
ActiveRecord::RecordNotFound (Couldn't find Student with 'id'=undefined):
  
app/controllers/students_controller.rb:44:in `set_student'
Started DELETE "/students/undefined" for 127.0.0.1 at 2024-08-18 15:56:47 -0300
Processing by StudentsController#destroy as */*
  Parameters: {"id"=>"undefined", "student"=>{}}
  [1m[36mStudent Load (0.0ms)[0m  [1m[34mSELECT "students".* FROM "students" WHERE "students"."id" = ? LIMIT ?[0m  [["id", nil], ["LIMIT", 1]]
  ↳ app/controllers/students_controller.rb:44:in `set_student'
Completed 404 Not Found in 1ms (ActiveRecord: 0.0ms | Allocations: 438)


  
ActiveRecord::RecordNotFound (Couldn't find Student with 'id'=undefined):
  
app/controllers/students_controller.rb:44:in `set_student'
Started GET "/students" for 127.0.0.1 at 2024-08-18 15:58:27 -0300
Processing by StudentsController#index as */*
  [1m[36mStudent Load (0.2ms)[0m  [1m[34mSELECT "students".* FROM "students"[0m
  ↳ app/controllers/students_controller.rb:8:in `index'
Completed 200 OK in 2ms (Views: 1.4ms | ActiveRecord: 0.2ms | Allocations: 688)


Started GET "/students" for 127.0.0.1 at 2024-08-18 15:59:03 -0300
Processing by StudentsController#index as */*
  [1m[36mStudent Load (0.1ms)[0m  [1m[34mSELECT "students".* FROM "students"[0m
  ↳ app/controllers/students_controller.rb:8:in `index'
Completed 200 OK in 2ms (Views: 1.8ms | ActiveRecord: 0.1ms | Allocations: 688)


Started DELETE "/students/undefined" for 127.0.0.1 at 2024-08-18 15:59:06 -0300
Processing by StudentsController#destroy as */*
  Parameters: {"id"=>"undefined", "student"=>{}}
  [1m[36mStudent Load (0.1ms)[0m  [1m[34mSELECT "students".* FROM "students" WHERE "students"."id" = ? LIMIT ?[0m  [["id", nil], ["LIMIT", 1]]
  ↳ app/controllers/students_controller.rb:44:in `set_student'
Completed 404 Not Found in 2ms (ActiveRecord: 0.1ms | Allocations: 437)


  
ActiveRecord::RecordNotFound (Couldn't find Student with 'id'=undefined):
  
app/controllers/students_controller.rb:44:in `set_student'
Started GET "/students/undefined" for 127.0.0.1 at 2024-08-18 15:59:17 -0300
Processing by StudentsController#show as */*
  Parameters: {"id"=>"undefined", "student"=>{}}
  [1m[36mStudent Load (0.1ms)[0m  [1m[34mSELECT "students".* FROM "students" WHERE "students"."id" = ? LIMIT ?[0m  [["id", nil], ["LIMIT", 1]]
  ↳ app/controllers/students_controller.rb:44:in `set_student'
Completed 404 Not Found in 1ms (ActiveRecord: 0.1ms | Allocations: 437)


  
ActiveRecord::RecordNotFound (Couldn't find Student with 'id'=undefined):
  
app/controllers/students_controller.rb:44:in `set_student'
Started GET "/students" for 127.0.0.1 at 2024-08-18 15:59:29 -0300
Processing by StudentsController#index as */*
  [1m[36mStudent Load (0.1ms)[0m  [1m[34mSELECT "students".* FROM "students"[0m
  ↳ app/controllers/students_controller.rb:8:in `index'
Completed 200 OK in 2ms (Views: 1.4ms | ActiveRecord: 0.1ms | Allocations: 690)


Started GET "/students/1" for 127.0.0.1 at 2024-08-18 15:59:30 -0300
Processing by StudentsController#show as */*
  Parameters: {"id"=>"1", "student"=>{}}
  [1m[36mStudent Load (0.1ms)[0m  [1m[34mSELECT "students".* FROM "students" WHERE "students"."id" = ? LIMIT ?[0m  [["id", 1], ["LIMIT", 1]]
  ↳ app/controllers/students_controller.rb:44:in `set_student'
Completed 200 OK in 1ms (Views: 0.2ms | ActiveRecord: 0.0ms | Allocations: 471)


Started DELETE "/students/undefined" for 127.0.0.1 at 2024-08-18 15:59:35 -0300
Processing by StudentsController#destroy as */*
  Parameters: {"id"=>"undefined", "student"=>{}}
  [1m[36mStudent Load (0.1ms)[0m  [1m[34mSELECT "students".* FROM "students" WHERE "students"."id" = ? LIMIT ?[0m  [["id", nil], ["LIMIT", 1]]
  ↳ app/controllers/students_controller.rb:44:in `set_student'
Completed 404 Not Found in 2ms (ActiveRecord: 0.1ms | Allocations: 437)


  
ActiveRecord::RecordNotFound (Couldn't find Student with 'id'=undefined):
  
app/controllers/students_controller.rb:44:in `set_student'
Started GET "/students" for 127.0.0.1 at 2024-08-18 15:59:59 -0300
Processing by StudentsController#index as */*
  [1m[36mStudent Load (0.1ms)[0m  [1m[34mSELECT "students".* FROM "students"[0m
  ↳ app/controllers/students_controller.rb:8:in `index'
Completed 200 OK in 2ms (Views: 1.4ms | ActiveRecord: 0.1ms | Allocations: 690)


Started GET "/students" for 127.0.0.1 at 2024-08-18 16:00:14 -0300
Processing by StudentsController#index as */*
  [1m[36mStudent Load (0.1ms)[0m  [1m[34mSELECT "students".* FROM "students"[0m
  ↳ app/controllers/students_controller.rb:8:in `index'
Completed 200 OK in 2ms (Views: 1.5ms | ActiveRecord: 0.1ms | Allocations: 689)


Started DELETE "/students/1" for 127.0.0.1 at 2024-08-18 16:00:16 -0300
Processing by StudentsController#destroy as */*
  Parameters: {"id"=>"1", "student"=>{}}
  [1m[36mStudent Load (0.1ms)[0m  [1m[34mSELECT "students".* FROM "students" WHERE "students"."id" = ? LIMIT ?[0m  [["id", 1], ["LIMIT", 1]]
  ↳ app/controllers/students_controller.rb:44:in `set_student'
  [1m[36mTRANSACTION (0.0ms)[0m  [1m[36mbegin transaction[0m
  ↳ app/controllers/students_controller.rb:38:in `destroy'
  [1m[36mStudent Destroy (0.5ms)[0m  [1m[31mDELETE FROM "students" WHERE "students"."id" = ?[0m  [["id", 1]]
  ↳ app/controllers/students_controller.rb:38:in `destroy'
  [1m[36mTRANSACTION (0.1ms)[0m  [1m[36mcommit transaction[0m
  ↳ app/controllers/students_controller.rb:38:in `destroy'
Completed 204 No Content in 2ms (ActiveRecord: 0.6ms | Allocations: 1665)


Started GET "/students" for 127.0.0.1 at 2024-08-18 16:00:16 -0300
Processing by StudentsController#index as */*
  [1m[36mStudent Load (0.1ms)[0m  [1m[34mSELECT "students".* FROM "students"[0m
  ↳ app/controllers/students_controller.rb:8:in `index'
Completed 200 OK in 1ms (Views: 1.2ms | ActiveRecord: 0.1ms | Allocations: 628)


Started GET "/students" for 127.0.0.1 at 2024-08-18 16:00:17 -0300
Processing by StudentsController#index as */*
  [1m[36mStudent Load (0.1ms)[0m  [1m[34mSELECT "students".* FROM "students"[0m
  ↳ app/controllers/students_controller.rb:8:in `index'
Completed 200 OK in 1ms (Views: 0.8ms | ActiveRecord: 0.1ms | Allocations: 628)


